// Vitest Snapshot v1, https://vitest.dev/guide/snapshot.html

exports[`'karura' -> 'kusama' xcm transfer 'KSM' > xtokens transfer > balance on from chain 1`] = `
{
  "free": 9000000000000,
  "frozen": 0,
  "reserved": 0,
}
`;

exports[`'karura' -> 'kusama' xcm transfer 'KSM' > xtokens transfer > balance on to chain 1`] = `
{
  "consumers": 0,
  "data": {
    "flags": "0x80000000000000000000000000000000",
    "free": "(rounded 11000000000000)",
    "frozen": 0,
    "reserved": 0,
  },
  "nonce": 0,
  "providers": 1,
  "sufficients": 0,
}
`;

exports[`'karura' -> 'kusama' xcm transfer 'KSM' > xtokens transfer > from chain ump messages 1`] = `
[
  {
    "v2": [
      {
        "withdrawAsset": [
          {
            "fun": {
              "fungible": 1000000000000,
            },
            "id": {
              "concrete": {
                "interior": {
                  "here": null,
                },
                "parents": 0,
              },
            },
          },
        ],
      },
      {
        "clearOrigin": null,
      },
      {
        "buyExecution": {
          "fees": {
            "fun": {
              "fungible": 1000000000000,
            },
            "id": {
              "concrete": {
                "interior": {
                  "here": null,
                },
                "parents": 0,
              },
            },
          },
          "weightLimit": {
            "unlimited": null,
          },
        },
      },
      {
        "depositAsset": {
          "assets": {
            "wild": {
              "all": null,
            },
          },
          "beneficiary": {
            "interior": {
              "x1": {
                "accountId32": {
                  "id": "0x88dc3417d5058ec4b4503e0c12ea1a0a89be200fe98922423d4334014fa6b0ee",
                  "network": {
                    "any": null,
                  },
                },
              },
            },
            "parents": 0,
          },
          "maxAssets": 1,
        },
      },
    ],
  },
]
`;

exports[`'karura' -> 'kusama' xcm transfer 'KSM' > xtokens transfer > to chain ump events 1`] = `
[
  {
    "data": {
      "id": "(hash)",
      "origin": {
        "Ump": {
          "Para": 2000,
        },
      },
      "success": true,
      "weightUsed": {
        "proofSize": 0,
        "refTime": "(rounded 300000000)",
      },
    },
    "method": "Processed",
    "section": "messageQueue",
  },
]
`;

exports[`'karura' -> 'kusama' xcm transfer 'KSM' > xtokens transfer > tx events 1`] = `
[
  {
    "data": {
      "assets": [
        {
          "fun": {
            "Fungible": 1000000000000,
          },
          "id": {
            "Concrete": {
              "interior": "Here",
              "parents": 1,
            },
          },
        },
      ],
      "dest": {
        "interior": {
          "X1": {
            "AccountId32": {
              "id": "(hash)",
              "network": null,
            },
          },
        },
        "parents": 1,
      },
      "fee": {
        "fun": {
          "Fungible": 1000000000000,
        },
        "id": {
          "Concrete": {
            "interior": "Here",
            "parents": 1,
          },
        },
      },
      "sender": "rPizfonc8MPuEsMxufAytHjpRW7a2YrXWHKibaJXe9ZtjKx",
    },
    "method": "TransferredMultiAssets",
    "section": "xTokens",
  },
]
`;

exports[`'kusama' -> 'karura' xcm transfer 'KSM' > xcmPallet transfer > balance on from chain 1`] = `
{
  "consumers": 0,
  "data": {
    "flags": "0x80000000000000000000000000000000",
    "free": "(rounded 9000000000000)",
    "frozen": 0,
    "reserved": 0,
  },
  "nonce": 1,
  "providers": 1,
  "sufficients": 0,
}
`;

exports[`'kusama' -> 'karura' xcm transfer 'KSM' > xcmPallet transfer > balance on to chain 1`] = `
{
  "free": "(rounded 11000000000000)",
  "frozen": 0,
  "reserved": 0,
}
`;

exports[`'kusama' -> 'karura' xcm transfer 'KSM' > xcmPallet transfer > to chain dmp events 1`] = `
[
  {
    "data": {
      "count": 1,
    },
    "method": "DownwardMessagesReceived",
    "section": "parachainSystem",
  },
  {
    "data": {
      "messageId": "(hash)",
      "outcome": {
        "Complete": {
          "proofSize": 0,
          "refTime": 800000000,
        },
      },
    },
    "method": "ExecutedDownward",
    "section": "dmpQueue",
  },
  {
    "data": {
      "dmqHead": "(hash)",
      "weightUsed": {
        "proofSize": 0,
        "refTime": 800000000,
      },
    },
    "method": "DownwardMessagesProcessed",
    "section": "parachainSystem",
  },
]
`;

exports[`'kusama' -> 'karura' xcm transfer 'KSM' > xcmPallet transfer > tx events 1`] = `
[
  {
    "data": [
      {
        "Complete": {
          "proofSize": 0,
          "refTime": "(rounded 754000000)",
        },
      },
    ],
    "method": "Attempted",
    "section": "xcmPallet",
  },
]
`;

exports[`'kusama' -> 'shiden' xcm transfer 'KSM' > xcmPallet transfer > balance on from chain 1`] = `
{
  "consumers": 0,
  "data": {
    "flags": "0x80000000000000000000000000000000",
    "free": "(rounded 9000000000000)",
    "frozen": 0,
    "reserved": 0,
  },
  "nonce": 1,
  "providers": 1,
  "sufficients": 0,
}
`;

exports[`'kusama' -> 'shiden' xcm transfer 'KSM' > xcmPallet transfer > balance on to chain 1`] = `
{
  "balance": "(rounded 11000000000000)",
  "extra": null,
  "isFrozen": false,
  "reason": {
    "consumer": null,
  },
}
`;

exports[`'kusama' -> 'shiden' xcm transfer 'KSM' > xcmPallet transfer > to chain dmp events 1`] = `
[
  {
    "data": {
      "count": 1,
    },
    "method": "DownwardMessagesReceived",
    "section": "parachainSystem",
  },
  {
    "data": {
      "messageId": "(hash)",
      "outcome": {
        "Complete": {
          "proofSize": "(rounded 4100)",
          "refTime": 4000000000,
        },
      },
    },
    "method": "ExecutedDownward",
    "section": "dmpQueue",
  },
  {
    "data": {
      "dmqHead": "(hash)",
      "weightUsed": {
        "proofSize": "(rounded 4100)",
        "refTime": 4000000000,
      },
    },
    "method": "DownwardMessagesProcessed",
    "section": "parachainSystem",
  },
]
`;

exports[`'kusama' -> 'shiden' xcm transfer 'KSM' > xcmPallet transfer > tx events 1`] = `
[
  {
    "data": [
      {
        "Complete": {
          "proofSize": 0,
          "refTime": "(rounded 754000000)",
        },
      },
    ],
    "method": "Attempted",
    "section": "xcmPallet",
  },
]
`;
