// Vitest Snapshot v1, https://vitest.dev/guide/snapshot.html

exports[`Acala <-> HydraDX > Acala transfer DAI to hydraDX > events 1`] = `
[
  {
    "data": {
      "amount": 1000000000000000000,
      "currencyId": {
        "Erc20": "0x54a37a01cd75b616d63e0ab665bffdb0143c52ae",
      },
      "from": "zvX8kCdZvWwuGdKgePE6tPa4wgJnxiJsvM4CkC4kZ9QE6Hp",
      "to": "23y3WetbNi6rDMgHmyRDjgpb7PnhgPotuPPawxruTMLYTLzG",
    },
    "method": "Transferred",
    "section": "currencies",
  },
]
`;

exports[`Acala <-> HydraDX > Acala transfer DAI to hydraDX > events 2`] = `
[
  {
    "data": {
      "contract": "0x54a37a01cd75b616d63e0ab665bffdb0143c52ae",
      "from": "0x4d9cf56ac6f1b4b6be4757ad0af3348fc6a918c2",
      "logs": [
        {
          "address": "0x54a37a01cd75b616d63e0ab665bffdb0143c52ae",
          "data": "(hash)",
          "topics": [
            "(hash)",
            "(hash)",
            "(hash)",
          ],
        },
      ],
      "usedGas": "(rounded 50000)",
      "usedStorage": -64,
    },
    "method": "Executed",
    "section": "evm",
  },
  {
    "data": {
      "messageHash": "(hash)",
    },
    "method": "XcmpMessageSent",
    "section": "xcmpQueue",
  },
  {
    "data": {
      "assets": [
        {
          "fun": {
            "Fungible": 1000000000000000000,
          },
          "id": {
            "Concrete": {
              "interior": {
                "X2": [
                  {
                    "Parachain": 2000,
                  },
                  {
                    "GeneralKey": "0x0254a37a01cd75b616d63e0ab665bffdb0143c52ae",
                  },
                ],
              },
              "parents": 1,
            },
          },
        },
      ],
      "dest": {
        "interior": {
          "X2": [
            {
              "Parachain": "(rounded 2000)",
            },
            {
              "AccountId32": {
                "id": "(hash)",
                "network": "Any",
              },
            },
          ],
        },
        "parents": 1,
      },
      "fee": {
        "fun": {
          "Fungible": 1000000000000000000,
        },
        "id": {
          "Concrete": {
            "interior": {
              "X2": [
                {
                  "Parachain": 2000,
                },
                {
                  "GeneralKey": "0x0254a37a01cd75b616d63e0ab665bffdb0143c52ae",
                },
              ],
            },
            "parents": 1,
          },
        },
      },
      "sender": "23y3WetbNi6rDMgHmyRDjgpb7PnhgPotuPPawxruTMLYTLzG",
    },
    "method": "TransferredMultiAssets",
    "section": "xTokens",
  },
]
`;

exports[`Acala <-> HydraDX > Acala transfer DAI to hydraDX > hrmp 1`] = `
[
  {
    "data": [
      "ConcatenatedVersionedXcm",
      {
        "v2": [
          {
            "reserveAssetDeposited": [
              {
                "fun": {
                  "fungible": "0x00000000000000000de0b6b3a7640000",
                },
                "id": {
                  "concrete": {
                    "interior": {
                      "x2": [
                        {
                          "parachain": 2000,
                        },
                        {
                          "generalKey": "0x0254a37a01cd75b616d63e0ab665bffdb0143c52ae",
                        },
                      ],
                    },
                    "parents": 1,
                  },
                },
              },
            ],
          },
          {
            "clearOrigin": null,
          },
          {
            "buyExecution": {
              "fees": {
                "fun": {
                  "fungible": "0x00000000000000000de0b6b3a7640000",
                },
                "id": {
                  "concrete": {
                    "interior": {
                      "x2": [
                        {
                          "parachain": 2000,
                        },
                        {
                          "generalKey": "0x0254a37a01cd75b616d63e0ab665bffdb0143c52ae",
                        },
                      ],
                    },
                    "parents": 1,
                  },
                },
              },
              "weightLimit": {
                "unlimited": null,
              },
            },
          },
          {
            "depositAsset": {
              "assets": {
                "wild": {
                  "all": null,
                },
              },
              "beneficiary": {
                "interior": {
                  "x1": {
                    "accountId32": {
                      "id": "0x88dc3417d5058ec4b4503e0c12ea1a0a89be200fe98922423d4334014fa6b0ee",
                      "network": {
                        "any": null,
                      },
                    },
                  },
                },
                "parents": 0,
              },
              "maxAssets": 1,
            },
          },
        ],
      },
    ],
    "recipient": 2034,
  },
]
`;

exports[`Acala <-> HydraDX > hydraDX tranfer DAI to acala > events 1`] = `
[
  {
    "data": {
      "amount": 1000000000000000000,
      "currencyId": {
        "Erc20": "0x54a37a01cd75b616d63e0ab665bffdb0143c52ae",
      },
      "from": "zvX8kCdZvWwuGdKgePE6tPa4wgJnxiJsvM4CkC4kZ9QE6Hp",
      "to": "23y3WetbNi6rDMgHmyRDjgpb7PnhgPotuPPawxruTMLYTLzG",
    },
    "method": "Transferred",
    "section": "currencies",
  },
]
`;

exports[`Acala <-> HydraDX > hydraDX tranfer DAI to acala > events 2`] = `
[
  {
    "data": {
      "contract": "0x54a37a01cd75b616d63e0ab665bffdb0143c52ae",
      "from": "0x4d9cf56ac6f1b4b6be4757ad0af3348fc6a918c2",
      "logs": [
        {
          "address": "0x54a37a01cd75b616d63e0ab665bffdb0143c52ae",
          "data": "(hash)",
          "topics": [
            "(hash)",
            "(hash)",
            "(hash)",
          ],
        },
      ],
      "usedGas": "(rounded 50000)",
      "usedStorage": -64,
    },
    "method": "Executed",
    "section": "evm",
  },
  {
    "data": {
      "messageHash": "(hash)",
    },
    "method": "XcmpMessageSent",
    "section": "xcmpQueue",
  },
  {
    "data": {
      "assets": [
        {
          "fun": {
            "Fungible": 1000000000000000000,
          },
          "id": {
            "Concrete": {
              "interior": {
                "X2": [
                  {
                    "Parachain": 2000,
                  },
                  {
                    "GeneralKey": "0x0254a37a01cd75b616d63e0ab665bffdb0143c52ae",
                  },
                ],
              },
              "parents": 1,
            },
          },
        },
      ],
      "dest": {
        "interior": {
          "X2": [
            {
              "Parachain": "(rounded 2000)",
            },
            {
              "AccountId32": {
                "id": "(hash)",
                "network": "Any",
              },
            },
          ],
        },
        "parents": 1,
      },
      "fee": {
        "fun": {
          "Fungible": 1000000000000000000,
        },
        "id": {
          "Concrete": {
            "interior": {
              "X2": [
                {
                  "Parachain": 2000,
                },
                {
                  "GeneralKey": "0x0254a37a01cd75b616d63e0ab665bffdb0143c52ae",
                },
              ],
            },
            "parents": 1,
          },
        },
      },
      "sender": "23y3WetbNi6rDMgHmyRDjgpb7PnhgPotuPPawxruTMLYTLzG",
    },
    "method": "TransferredMultiAssets",
    "section": "xTokens",
  },
]
`;

exports[`Acala <-> HydraDX > hydraDX tranfer DAI to acala > hrmp 1`] = `
[
  {
    "data": [
      "ConcatenatedVersionedXcm",
      {
        "v2": [
          {
            "reserveAssetDeposited": [
              {
                "fun": {
                  "fungible": "0x00000000000000000de0b6b3a7640000",
                },
                "id": {
                  "concrete": {
                    "interior": {
                      "x2": [
                        {
                          "parachain": 2000,
                        },
                        {
                          "generalKey": "0x0254a37a01cd75b616d63e0ab665bffdb0143c52ae",
                        },
                      ],
                    },
                    "parents": 1,
                  },
                },
              },
            ],
          },
          {
            "clearOrigin": null,
          },
          {
            "buyExecution": {
              "fees": {
                "fun": {
                  "fungible": "0x00000000000000000de0b6b3a7640000",
                },
                "id": {
                  "concrete": {
                    "interior": {
                      "x2": [
                        {
                          "parachain": 2000,
                        },
                        {
                          "generalKey": "0x0254a37a01cd75b616d63e0ab665bffdb0143c52ae",
                        },
                      ],
                    },
                    "parents": 1,
                  },
                },
              },
              "weightLimit": {
                "unlimited": null,
              },
            },
          },
          {
            "depositAsset": {
              "assets": {
                "wild": {
                  "all": null,
                },
              },
              "beneficiary": {
                "interior": {
                  "x1": {
                    "accountId32": {
                      "id": "0x88dc3417d5058ec4b4503e0c12ea1a0a89be200fe98922423d4334014fa6b0ee",
                      "network": {
                        "any": null,
                      },
                    },
                  },
                },
                "parents": 0,
              },
              "maxAssets": 1,
            },
          },
        ],
      },
    ],
    "recipient": 2034,
  },
]
`;

exports[`Acala <-> HydraDX > hydraDX tranfer DAI to acala > system events 1`] = `
[
  {
    "data": {
      "amount": "(rounded 39000000000)",
      "currencyId": {
        "Token": "AUSD",
      },
      "who": "23M5ttkmR6KcnvsNJdmYTpLo9xfc54g8uCk55buDfiJPon69",
    },
    "method": "Deposited",
    "section": "tokens",
  },
  {
    "data": {
      "amount": "(rounded 2200000000)",
      "currencyId": {
        "Token": "AUSD",
      },
      "who": "23M5ttkmR6KcnvsNJdmYTpLo9xfc54g8uCk55buDfiJPon69",
    },
    "method": "Deposited",
    "section": "tokens",
  },
  {
    "data": {
      "amount": "(rounded 1200000000)",
      "currencyId": {
        "Token": "AUSD",
      },
      "who": "23M5ttkmR6KcnvsNJdmYTpLo9xfc54g8uCk55buDfiJPon69",
    },
    "method": "Deposited",
    "section": "tokens",
  },
  {
    "data": {
      "amount": "(rounded 6600000000)",
      "currencyId": {
        "Token": "AUSD",
      },
      "who": "23M5ttkmR6KcnvsNJdmYTpLo9xfc54g8uCk55buDfiJPon69",
    },
    "method": "Deposited",
    "section": "tokens",
  },
  {
    "data": {
      "dispatchInfo": {
        "class": "Mandatory",
        "paysFee": "Yes",
        "weight": {
          "proofSize": 0,
          "refTime": "(rounded 260000000)",
        },
      },
    },
    "method": "ExtrinsicSuccess",
    "section": "system",
  },
  {
    "data": {
      "dispatchInfo": {
        "class": "Mandatory",
        "paysFee": "No",
        "weight": {
          "proofSize": 0,
          "refTime": "(rounded 99000000)",
        },
      },
    },
    "method": "ExtrinsicSuccess",
    "section": "system",
  },
]
`;
